#  Semantic error on line 4, variable undeclared: naim
input in flex scanner failed
